==============================================================================
M1 SHORT — Factor Re-Mining on 8-year data
==============================================================================

Loading data...
  trades:        6614
  trading_days:  2158

Building per-day factor frame...
  candidate factors: 78

Filtering M1 short cohort + applying vetoes...
  Cohort: 577 → 252 after vetoes (vixy_low, dow_monday)
  Cohort with regime label: 246
  IS: 197, OOS: 49

  IS cohort:  n=197, WR=47.7%
  OOS cohort: n=49, WR=65.3%

==============================================================================
PHASE A — Per-factor evaluation (TRAINING ONLY)
==============================================================================

  Wrote factor_universe.csv (75 factors)

  Factors passing STRICT (FDR q<=0.10) criteria: 0
  Factors passing RELAXED (no FDR — Fisher p<=0.10) criteria: 4

  Top RELAXED-accepted factors (by lift):
                      factor  n_present  wr_present_pct  wr_absent_pct  lift_pp  p_value  bear_lift  bull_lift  neutral_lift  fdr_pass
      f_made_new_5d_low_yday         61            62.3           41.2    21.12 0.008492        9.0       29.1          33.3     False
            f_vix_spike_yday         72            59.7           40.8    18.92 0.012046       10.8       17.2          33.3     False
              f_near_20d_low         52            59.6           43.4    16.17 0.052807        5.5        1.6          45.2     False
f_prior_day_close_neg_strong         60            58.3           43.1    15.27 0.062679       17.4        5.6          24.5     False

==============================================================================
PHASE B — Forward stepwise stacking on WR target
==============================================================================

  Forward-stepwise stack (greedy, max 6): ['f_made_new_5d_low_yday', 'f_vix_spike_yday']
 step                  added  stack_size  n_is_2plus  wr_is_2plus  n_oos_2plus  wr_oos_2plus  marginal_lift_is
    1 f_made_new_5d_low_yday           1           0          0.0            0           0.0               NaN
    2       f_vix_spike_yday           2          37         73.0            8          50.0             72.97

------------------------------------------------------------
  Soft-confluence stack selection (4-6 factors, corr<0.70)
------------------------------------------------------------
  Soft-pool: 9 factors
  Soft-stack: ['f_made_new_5d_low_yday', 'f_vix_spike_yday', 'f_near_20d_low', 'f_prior_day_close_neg_strong', 'f_made_new_20d_low_yday', 'f_has_red_folder']

  Stack candidates:
          label                                                                                                                               stack  size  n_is_2plus  wr_is_2plus  n_oos_2plus  wr_oos_2plus  delta_pp
     greedy_AND                                                                                          [f_made_new_5d_low_yday, f_vix_spike_yday]     2          37         73.0            8          50.0      23.0
soft_confluence [f_made_new_5d_low_yday, f_vix_spike_yday, f_near_20d_low, f_prior_day_close_neg_strong, f_made_new_20d_low_yday, f_has_red_folder]     6          79         58.2           13          46.2      12.1

  FINAL stack (hand-tuned for balance): ['f_prior_3d_neg', 'f_prior_day_weak', 'f_near_20d_low', 'f_made_new_5d_low_yday']

  Test-removal analysis on FINAL stack (drop each, IS 2+ WR change):
                factor  is_wr_with  is_wr_without  delta_pp  survives
        f_prior_3d_neg        60.9           60.8      0.09     False
      f_prior_day_weak        60.9           62.0     -1.10     False
        f_near_20d_low        60.9           62.0     -1.16     False
f_made_new_5d_low_yday        60.9           55.7      5.17      True

==============================================================================
PHASE C — Final evaluation of stack
==============================================================================

  IS tier table:
tier   n  wins  losses  wr_pct  pf_1r  hit_1R_pct  hit_2R_pct  hit_3R_pct  hit_5R_pct  pf_at_2r  med_mfe_1R+
 0-1 105    38      67    36.2   0.57        36.2        30.5        28.6        18.1      0.88         5.07
   2  44    28      16    63.6   1.75        63.6        59.1        52.3        45.5      2.89         7.26
   3  20    10      10    50.0   1.00        50.0        50.0        45.0        35.0      2.00         9.14
  4+  28    18      10    64.3   1.80        64.3        57.1        53.6        28.6      2.67         4.57
  2+  92    56      36    60.9   1.56        60.9        56.5        51.1        38.0      2.60         5.98

  OOS tier table:
tier  n  wins  losses  wr_pct  pf_1r  hit_1R_pct  hit_2R_pct  hit_3R_pct  hit_5R_pct     pf_at_2r  med_mfe_1R+
 0-1 32    22      10    68.8   2.20        68.8        65.6        50.0        40.6 3.820000e+00         7.06
   2 11     6       5    54.5   1.20        54.5        45.5        36.4        36.4 1.670000e+00         7.04
   3  5     3       2    60.0   1.50        60.0        20.0        20.0        20.0 5.000000e-01         1.83
  4+  1     1       0   100.0   1.00       100.0       100.0       100.0       100.0 2.000000e+09        15.04
  2+ 17    10       7    58.8   1.43        58.8        41.2        35.3        35.3 1.400000e+00         6.46

  Year breakdown:
 year  n_2plus  wr_2plus  hit_2R_pct split
 2018        8      62.5        50.0    IS
 2019        2       NaN         NaN    IS
 2020       16      50.0        50.0    IS
 2021        9      66.7        55.6    IS
 2022       30      53.3        53.3    IS
 2023       13      84.6        84.6    IS
 2024       14      57.1        42.9    IS
 2025       13      61.5        53.8   OOS
 2026        4      50.0         0.0   OOS

  Regime breakdown:
 regime  n_2plus  wr_2plus  hit_2R_pct  pf_at_2r split
   bear       40      60.0        60.0      3.00    IS
   bull       22      63.6        45.5      1.67    IS
neutral       30      60.0        60.0      3.00    IS
   bear        5      40.0        20.0      0.50   OOS
   bull        7      71.4        57.1      2.67   OOS
neutral        5      60.0        40.0      1.33   OOS

==============================================================================
PHASE D — Multi-target mining (PF@2R, fire-rate)
==============================================================================
  PF@2R: 0 accepted factors

  Fire-rate factors (top 15 by lift):
                      factor  n_on  fire_rate_on_pct  n_off  fire_rate_off_pct  lift_pp  p_value
                 f_or5_top_q   217              34.6    429               17.2     17.3 0.000002
                f_ret_5d_neg   314              30.3    332               16.3     14.0 0.000025
              f_prior_5d_neg   314              30.3    332               16.3     14.0 0.000025
            f_pdt_trend_down    95              34.7    551               21.1     13.7 0.005331
              f_near_20d_low   124              33.9    522               20.5     13.4 0.002031
              f_continuation    31              35.5    615               22.4     13.0 0.123033
f_prior_day_close_neg_strong   136              33.1    510               20.4     12.7 0.002758
            f_vixy_rising_5d   313              29.4    333               17.1     12.3 0.000255
              f_bear_setup_3   103              33.0    543               21.2     11.8 0.010845
               f_ret_10d_neg   314              29.0    332               17.5     11.5 0.000544
              f_below_50d_ma   322              28.6    324               17.6     11.0 0.001054
       f_overnight_swept_pdl   221              30.3    425               19.3     11.0 0.002205
              f_below_20d_ma   302              28.8    344               18.0     10.8 0.001422
            f_sweep_and_fail    33              33.3    613               22.5     10.8 0.200401
              f_far_from_ath   412              26.9    234               16.2     10.7 0.001855

  Wrote /Users/philchan/Work/fvgc-backtest/studies/m1_short_factor_remine/results/final_stack_factors.json

All artifacts in /Users/philchan/Work/fvgc-backtest/studies/m1_short_factor_remine/results/
  factor_stacking_trace.csv
  factor_universe.csv
  final_stack_factors.json
  fire_rate_stack.csv
  pf_2r_stack.csv
  regime_breakdown.csv
  run.log
  test_removal.csv
  tier_summary_IS.csv
  tier_summary_OOS.csv
  trades_tagged.csv
  year_breakdown.csv
