/Users/philchan/Work/fvgc-backtest/src/optimization/parameter_sweep.py:353: SettingWithCopyWarning: 
A value is trying to be set on a copy of a slice from a DataFrame.
Try using .loc[row_indexer,col_indexer] = value instead

See the caveats in the documentation: https://pandas.pydata.org/pandas-docs/stable/user_guide/indexing.html#returning-a-view-versus-a-copy
  trades_df['entry_time'] = pd.to_datetime(trades_df['entry_time'])

====================================================================================================
BAYESIAN PARAMETER OPTIMIZATION
====================================================================================================

This will intelligently search the parameter space using Bayesian optimization:
  - Entry Models: noFVG, BOS, iFVG, ALL
  - Gap Closure: True, False, ALL
  - Gap Size: 0-3, 3-6, 6-10, 10+, ALL
  - Time Windows: 9:30-9:45, 9:45-10:00, 10:00-10:15, ALL
  - Touch Ranges: 1-2, 3-4, 5+, ALL
  - Trade Management: fixed, dynamic_fvg, partial_close, trailing_sl
  - Directional Filter: none, bidirectional, longs_only

Bayesian Optimization Settings:
  Total evaluations: 50
  Random starts: 20
  Minimum trades: 30
  Expected runtime: ~6 minutes

====================================================================================================

✅ Auto-confirmed (--yes flag)


Starting Bayesian optimization...
(Progress shown every 10 iterations, best configs highlighted)

================================================================================
BAYESIAN OPTIMIZATION
================================================================================
Total evaluations: 50
Random starts: 20
Min trades filter: 30
Output directory: outputs/optimization
================================================================================

Loading data...
Loading processed 30s data: data/processed/data_30s_with_sma.csv
Date range: 2023-10-02 09:30:00-04:00 to 2025-10-27 10:15:00-04:00
Loaded 32,667 bars

Starting Bayesian optimization...
(Progress updates every 10 iterations)

📊 Loaded session metadata: 359 sessions

🎯 New best! Iteration 1: PF=0.882, Trades=32
   Params: {'entry_model': 'ALL', 'gap_closure_filter': 'True', 'gap_size_range': '10+', 'time_window': '10:00-10:15', 'touch_range': '3-4', 'trade_management': 'fixed', 'directional_filter': 'bidirectional'}
📊 Loaded session metadata: 359 sessions
📊 Loaded session metadata: 359 sessions
📊 Loaded session metadata: 359 sessions
📊 Loaded session metadata: 359 sessions
📊 Loaded session metadata: 359 sessions
📊 Loaded session metadata: 359 sessions
📊 Loaded session metadata: 359 sessions
📊 Loaded session metadata: 359 sessions
📊 Loaded session metadata: 359 sessions
[10] PF=1.000 (best: 0.882), Trades=64
📊 Loaded session metadata: 359 sessions
📊 Loaded session metadata: 359 sessions
📊 Loaded session metadata: 359 sessions
📊 Loaded session metadata: 359 sessions
📊 Loaded session metadata: 359 sessions
📊 Loaded session metadata: 359 sessions
📊 Loaded session metadata: 359 sessions
📊 Loaded session metadata: 359 sessions
📊 Loaded session metadata: 359 sessions
📊 Loaded session metadata: 359 sessions
[20] PF=0.909 (best: 0.882), Trades=42
📊 Loaded session metadata: 359 sessions
📊 Loaded session metadata: 359 sessions
📊 Loaded session metadata: 359 sessions
📊 Loaded session metadata: 359 sessions
📊 Loaded session metadata: 359 sessions
📊 Loaded session metadata: 359 sessions
📊 Loaded session metadata: 359 sessions
📊 Loaded session metadata: 359 sessions
📊 Loaded session metadata: 359 sessions
📊 Loaded session metadata: 359 sessions
[30] PF=999.000 (best: 0.882), Trades=7
📊 Loaded session metadata: 359 sessions
📊 Loaded session metadata: 359 sessions
📊 Loaded session metadata: 359 sessions
📊 Loaded session metadata: 359 sessions
📊 Loaded session metadata: 359 sessions
📊 Loaded session metadata: 359 sessions
📊 Loaded session metadata: 359 sessions
📊 Loaded session metadata: 359 sessions
📊 Loaded session metadata: 359 sessions
📊 Loaded session metadata: 359 sessions
[40] PF=999.000 (best: 0.882), Trades=9
📊 Loaded session metadata: 359 sessions
📊 Loaded session metadata: 359 sessions
📊 Loaded session metadata: 359 sessions
📊 Loaded session metadata: 359 sessions
📊 Loaded session metadata: 359 sessions
📊 Loaded session metadata: 359 sessions
📊 Loaded session metadata: 359 sessions
📊 Loaded session metadata: 359 sessions
📊 Loaded session metadata: 359 sessions
📊 Loaded session metadata: 359 sessions
[50] PF=999.000 (best: 0.882), Trades=1

✅ Saved all evaluations to: outputs/optimization/bayesian_results.csv
✅ Saved best config to: outputs/optimization/bayesian_best_config.json
✅ Saved full results to: outputs/optimization/bayesian_optimization_result.json

================================================================================
OPTIMIZATION COMPLETE!
================================================================================
Total time: 9.2 minutes
Evaluations: 50
Best found at iteration: 1

Best Profit Factor: 0.882
Best Parameters:
  entry_model: ALL
  gap_closure_filter: True
  gap_size_range: 10+
  time_window: 10:00-10:15
  touch_range: 3-4
  trade_management: fixed
  directional_filter: bidirectional

Best Metrics:
  total_trades: 32
  winning_trades: 15
  losing_trades: 17
  profit_factor: 0.8824
  win_rate: 0.4688
  net_pnl: -40.0000
  gross_profit: 300.0000
  gross_loss: 340.0000
  valid: True
================================================================================

====================================================================================================
ANALYZING RESULTS
====================================================================================================

====================================================================================================
PARAMETER SWEEP RESULTS SUMMARY
====================================================================================================

Total Combinations Tested: 13
Valid Combinations (>= 30 trades): 13 (100.0%)
Profitable Combinations (PF > 1.0): 7 (53.8%)

====================================================================================================
TOP 10 SETUPS BY PROFIT FACTOR
====================================================================================================

Rank   Entry    Gap      Size       Time         Touch    TM           Trades   WR       PF       Net       
----------------------------------------------------------------------------------------------------
1      noFVG    False    3-6        ALL          5+       fixed        116        58.6%   1.417   +400.00
2      noFVG    ALL      6-10       9:45-10:00   ALL      partial_close 78         46.2%   1.174    +80.00
3      BOS      ALL      0-3        9:45-10:00   5+       trailing_sl  86         46.5%   1.159   +110.00
4      ALL      ALL      3-6        9:45-10:00   1-2      partial_close 135        43.7%   1.106    +85.00
5      ALL      False    10+        9:30-9:45    1-2      partial_close 43         44.2%   1.096    +25.00
6      BOS      True     ALL        9:45-10:00   5+       partial_close 44         47.7%   1.050    +15.00
7      BOS      False    6-10       ALL          5+       partial_close 73         47.9%   1.010     +5.00
8      ALL      False    3-6        9:45-10:00   1-2      fixed        64         50.0%   1.000     +0.00
9      noFVG    False    0-3        ALL          3-4      fixed        138        49.3%   0.971    -40.00
10     BOS      ALL      0-3        9:45-10:00   3-4      trailing_sl  62         41.9%   0.929    -40.00



====================================================================================================
EXPORTING RESULTS
====================================================================================================

Traceback (most recent call last):
  File "/Users/philchan/Work/fvgc-backtest/run_bayesian_optimization.py", line 179, in <module>
    main()
    ~~~~^^
  File "/Users/philchan/Work/fvgc-backtest/run_bayesian_optimization.py", line 140, in main
    export_top_n(results_df, output_dir, n=50, metric="profit_factor", min_trades=min_trades, prefix="bayesian_top50_pf")
    ~~~~~~~~~~~~^^^^^^^^^^^^^^^^^^^^^^^^^^^^^^^^^^^^^^^^^^^^^^^^^^^^^^^^^^^^^^^^^^^^^^^^^^^^^^^^^^^^^^^^^^^^^^^^^^^^^^^^^
TypeError: export_top_n() got an unexpected keyword argument 'prefix'
