======================================================================
Higher-R Targets Study
======================================================================
Trade frame: 4,548 non-skip trades, cols=95, years=[2018, 2019, 2020, 2021, 2022, 2023, 2024, 2025, 2026]

----------------------------------------------------------------------
Q1 — Base-rate decay across R targets
----------------------------------------------------------------------
  target      R  base_all  base_loose_IS_2018_2023  base_loose_OOS_2024_2026  base_strict_IS_2018_2022  base_strict_OOS_2023_2026  n_total
hit_1_5R 1.5000    0.4576                   0.4416                    0.4825                    0.4437                     0.4705     4548
hit_2_0R 2.0000    0.4222                   0.4020                    0.4537                    0.4004                     0.4425     4548
hit_2_5R 2.5000    0.3861                   0.3660                    0.4176                    0.3621                     0.4085     4548
hit_3_0R 3.0000    0.3542                   0.3321                    0.3888                    0.3283                     0.3783     4548
hit_4_0R 4.0000    0.3058                   0.2860                    0.3369                    0.2859                     0.3244     4548
hit_5_0R 5.0000    0.2581                   0.2388                    0.2884                    0.2403                     0.2747     4548

----------------------------------------------------------------------
Q3 — n_vp_targets × R target (full sample)
----------------------------------------------------------------------
 n_vp_targets    n  hit_1_5R  hit_2_0R  hit_2_5R  hit_3_0R  hit_4_0R  hit_5_0R
            0 2290    0.3485    0.3066    0.2755    0.2555    0.2306    0.2135
            1 1798    0.5445    0.5145    0.4789    0.4477    0.3910    0.3226
            2  435    0.6460    0.6207    0.5540    0.4782    0.3632    0.2368
            3   25    0.9200    0.9200    0.9200    0.5200    0.0800    0.0800

vp_only_target × R target:
 vp_only_target    n  hit_1_5R  hit_2_0R  hit_2_5R  hit_3_0R  hit_4_0R  hit_5_0R
          False 3726    0.4359    0.3994    0.3634    0.3325    0.2882    0.2475
           True  822    0.5560    0.5255    0.4891    0.4526    0.3856    0.3066

n_vp_targets × R target (strict OOS 2023-2026 only):
 n_vp_targets  n_oos  hit_1_5R  hit_2_0R  hit_2_5R  hit_3_0R  hit_4_0R  hit_5_0R
            0   1190    0.3630    0.3294    0.2966    0.2748    0.2454    0.2286
            1    911    0.5554    0.5346    0.5093    0.4841    0.4226    0.3491
            2    237    0.6498    0.6203    0.5443    0.4768    0.3586    0.2321
            3     17    0.9412    0.9412    0.9412    0.5882    0.1176    0.1176

----------------------------------------------------------------------
Q2 — Per-target top survivors (from parent scan)
----------------------------------------------------------------------
  (missing scan output for hit_2_5R)
Survivors per target: {'hit_1_5R': 2, 'hit_2_0R': 2, 'hit_2_5R': 0, 'hit_3_0R': 3, 'hit_4_0R': 4, 'hit_5_0R': 3}

Survivor overlap across targets:
target                      hit_1_5R  hit_2_0R  hit_3_0R  hit_4_0R  hit_5_0R  n_targets_survived
key                                                                                             
n_targets_in_dir_bucket|2       7.23      6.79      5.64      3.85       NaN                   4
range_regime|expansion           NaN       NaN      7.62      9.72     11.90                   3
variant|protected_swing          NaN       NaN      4.58      6.51      8.42                   3
lvls_within_1R_bucket|0          NaN       NaN       NaN      3.50      4.91                   2
entry_bucket|A_9:30-9:35        3.99       NaN       NaN       NaN       NaN                   1
prior_day_type|reversal_up       NaN      3.37       NaN       NaN       NaN                   1

----------------------------------------------------------------------
Q4 — Runner signature (conditioning on hit_2R)
----------------------------------------------------------------------
Conditional base rates (sample = hit_2R=True, n=1,920):
  P(hit_3R | hit_2R) = 0.8391
  P(hit_4R | hit_2R) = 0.7245
  P(hit_5R | hit_2R) = 0.6115

Top 15 runner predictors (lift on P(hit_5R | hit_2R), n_runner>=30):
                feature           value  n_runner  p_hit_3R_given_hit_2R  p_hit_4R_given_hit_2R  p_hit_5R_given_hit_2R  lift_5R_pp_vs_base  lift_3R_pp_vs_base  n_oos_runner  p_hit_5R_oos
           range_regime       expansion       569                 0.9174                 0.8471                 0.7891             17.7645              7.8336           300        0.7900
  lvls_within_1R_bucket               0       292                 0.9041                 0.8253                 0.7568             14.5391              6.5047           176        0.7216
                variant protected_swing       296                 0.9020                 0.8209                 0.7365             12.5028              6.2965           171        0.7368
n_targets_in_dir_bucket               0       292                 0.8527                 0.7911                 0.7329             12.1418              1.3677           165        0.7333
              n_vp_clip               0       702                 0.8333                 0.7521                 0.6966              8.5123             -0.5729           392        0.6939
n_targets_in_dir_bucket               1       452                 0.8695                 0.7810                 0.6858              7.4382              3.0407           248        0.6532
           pdr_position       below_pdl       403                 0.8586                 0.7667                 0.6824              7.0924              1.9498           211        0.7014
                    dow       Wednesday       377                 0.8753                 0.7878                 0.6817              7.0239              3.6269           209        0.6938
         sl_dist_bucket              Q2       955                 0.8723                 0.7696                 0.6649              5.3463              3.3189           467        0.6767
         sl_dist_bucket              Q3       316                 0.8449                 0.7532                 0.6614              4.9934              0.5874           186        0.6667
         prior_day_type      trend_down       298                 0.8523                 0.7584                 0.6544              4.2904              1.3286           132        0.7045
        ath_dist_bucket          gt_500      1354                 0.8612                 0.7563                 0.6411              2.9605              2.2090           703        0.6486
             gap_bucket        large_dn       713                 0.8555                 0.7644                 0.6410              2.9495              1.6477           374        0.6417
         or_15min_state           above       325                 0.8677                 0.7569                 0.6400              2.8542              2.8630           198        0.6263
  lvls_within_1R_bucket             1-2       764                 0.8482                 0.7448                 0.6296              1.8123              0.9105           407        0.6462

Bottom 10 (anti-runner — fizzle-after-2R cohorts):
              feature       value  n_runner  p_hit_3R_given_hit_2R  p_hit_4R_given_hit_2R  p_hit_5R_given_hit_2R  lift_5R_pp_vs_base  lift_3R_pp_vs_base  n_oos_runner  p_hit_5R_oos
           gap_bucket    small_up       138                 0.7464                 0.6304                 0.5435             -6.7980             -9.2686            67        0.6418
              variant        ifvg       229                 0.7555                 0.6550                 0.5284             -8.3074             -8.3604           132        0.5303
      ath_dist_bucket       lt_50        78                 0.7821                 0.5897                 0.5256             -8.5817             -5.7011            50        0.6000
      ath_dist_bucket      50-100        72                 0.7917                 0.5833                 0.5139             -9.7569             -4.7396            39        0.5128
       sl_dist_bucket    Q4_large       649                 0.7874                 0.6441                 0.5085            -10.2984             -5.1697           389        0.5321
lvls_within_1R_bucket         5-6       301                 0.7641                 0.6412                 0.4983            -11.3119             -7.4943           168        0.5238
      ath_dist_bucket     100-200       131                 0.7557                 0.5878                 0.4809            -13.0542             -8.3337            77        0.4675
         range_regime contraction       412                 0.7379                 0.5752                 0.4175            -19.3983            -10.1198           219        0.4566
            n_vp_clip           2       270                 0.7704                 0.5852                 0.3815            -22.9977             -6.8692           147        0.3741
lvls_within_1R_bucket          7+        80                 0.6500                 0.3500                 0.2625            -34.8958            -18.9063            36        0.3056

----------------------------------------------------------------------
Q5 — Best filter per target (n_oos floor enforced)
----------------------------------------------------------------------
  target                 feature     value     n_is    n_oos   r_is  r_oos  lift_is_pp  lift_oos_pp          best
hit_1_5R n_targets_in_dir_bucket         2 422.0000 301.0000 0.5047 0.5548      6.3097       7.2312           NaN
hit_2_0R n_targets_in_dir_bucket         2 422.0000 301.0000 0.4692 0.5216      6.7177       6.7870           NaN
hit_2_5R                     NaN       NaN      NaN      NaN    NaN    NaN         NaN          NaN (no survivor)
hit_3_0R            range_regime expansion 749.0000 486.0000 0.3952 0.4650      6.3061       7.6194           NaN
hit_4_0R            range_regime expansion 749.0000 486.0000 0.3618 0.4342      7.5793       9.7249           NaN
hit_5_0R            range_regime expansion 749.0000 486.0000 0.3351 0.4074      9.6281      11.9033           NaN

----------------------------------------------------------------------
Q6 — Walk-forward STRICT (IS=2018-2022, OOS=2023-2026)
----------------------------------------------------------------------
 n_vp_targets  n_is  n_oos  hit_1_5R_lift_is_pp  hit_1_5R_lift_oos_pp  hit_1_5R_rate_oos  hit_2_0R_lift_is_pp  hit_2_0R_lift_oos_pp  hit_2_0R_rate_oos  hit_2_5R_lift_is_pp  hit_2_5R_lift_oos_pp  hit_2_5R_rate_oos  hit_3_0R_lift_is_pp  hit_3_0R_lift_oos_pp  hit_3_0R_rate_oos  hit_4_0R_lift_is_pp  hit_4_0R_lift_oos_pp  hit_4_0R_rate_oos  hit_5_0R_lift_is_pp  hit_5_0R_lift_oos_pp  hit_5_0R_rate_oos
            0  1100   1190             -11.0957              -10.7463             0.3630             -11.8547              -11.3051             0.3294             -10.9334              -11.1854             0.2966              -9.3772              -10.3554             0.2748              -7.1364               -7.9038             0.2454              -4.3037               -4.6163             0.2286
            1   887    911               8.9574                8.4945             0.5554               9.3435                9.2115             0.5346               8.5515               10.0838             0.5093               8.2055               10.5739             0.4841               7.2602                9.8196             0.4226               5.5068                7.4332             0.3491
            2   198    237              19.7730               17.9301             0.6498              22.0847               17.7790             0.6203              20.3595               13.5811             0.5443              15.1481                9.8449             0.4768               8.2777                3.4234             0.3586               0.2114               -4.2667             0.2321

vp_only_target=True on strict IS/OOS:
 vp_only_target  n_is  n_oos  hit_1_5R_lift_is_pp  hit_1_5R_lift_oos_pp  hit_1_5R_rate_oos  hit_2_0R_lift_is_pp  hit_2_0R_lift_oos_pp  hit_2_0R_rate_oos  hit_2_5R_lift_is_pp  hit_2_5R_lift_oos_pp  hit_2_5R_rate_oos  hit_3_0R_lift_is_pp  hit_3_0R_lift_oos_pp  hit_3_0R_rate_oos  hit_4_0R_lift_is_pp  hit_4_0R_lift_oos_pp  hit_4_0R_rate_oos  hit_5_0R_lift_is_pp  hit_5_0R_lift_oos_pp  hit_5_0R_rate_oos
           True   367    455               7.9476               11.1929             0.5824               8.4649               11.5779             0.5582               9.2980               10.7991             0.5165               8.8576               10.2975             0.4813               6.8314                8.6573             0.4110               5.6693                3.9551             0.3143
          False  1826   1900              -1.5974               -2.6804             0.4437              -1.7013               -2.7726             0.4147              -1.8688               -2.5861             0.3826              -1.7803               -2.4660             0.3537              -1.3730               -2.0732             0.3037              -1.1394               -0.9471             0.2653

----------------------------------------------------------------------
Yearly stability of n_vp_targets>=2 vs base, per target
----------------------------------------------------------------------
 year  n_ge2  hit_1_5R_lift_pp  hit_2_0R_lift_pp  hit_2_5R_lift_pp  hit_3_0R_lift_pp  hit_4_0R_lift_pp  hit_5_0R_lift_pp
 2018     20              29.7              32.1              29.6              24.0              16.4               6.4
 2019     14              28.1              26.7              22.5              18.2               9.7              12.6
 2020     43              23.2              28.3              26.7              22.5              20.5               6.0
 2021     49              16.7              19.9              15.8               5.0              -6.1              -8.9
 2022     80              18.9              19.9              20.3              13.9               5.1              -3.0
 2023     67              16.3              14.4              12.7               5.7              -1.8              -8.4
 2024     58              22.7              25.3              17.6              11.1               4.9              -4.1
 2025    109              21.0              20.4              16.1              10.8              -1.1              -6.5
 2026     20              13.4              16.4              19.8              21.6              19.9              13.0

======================================================================
Done. Artifacts: /Users/philchan/Work/fvgc-backtest/studies/higher_R_targets/results
======================================================================
