======================================================================
VA-width regime study
======================================================================
n_total=4548  pooled hit_2R=42.2%
IS  (year<=2022)  n=2193  base=40.0%
OOS (year>=2023) n=2355  base=44.2%

--- Q1: va_width distribution ---
         col  n_days_pooled  n_days_IS       min       p10    p25_IS    p50_IS     p75_IS        p90         max       mean       std
    va_width           2158       1290  4.000000 29.000000 39.000000 71.000000 121.000000 211.000000 1666.000000 108.810009 88.849046
va_width_pct           2158       1290  0.039531  0.281974  0.429937  0.685153   1.122116   1.491981    9.557959   0.803185  0.604715
  va_width_z           2138       1270 -2.372122 -1.114746 -0.782034 -0.229887   0.557625   1.556867   14.202000   0.069925  1.300181

IS quartile cuts (va_width_pct, %): [0.42993720653957124, 0.6851534651173558, 1.1221159901528597]
IS quartile cuts (va_width abs, pts): [39.0, 71.0, 121.0]

--- Q2: hit_2R by va_width_pct quartile (IS-cut) ---
  bucket  n_pooled  n_IS  hit_2R_IS  lift_IS_pp  n_OOS  hit_2R_OOS  lift_OOS_pp
Q1_tight       726   173   0.283237  -11.712780    553    0.417722    -2.474133
      Q2      1170   482   0.398340   -0.202455    688    0.441860    -0.060238
      Q3      1433   673   0.405646    0.528156    760    0.480263     3.780031
 Q4_wide      1219   865   0.420809    2.044445    354    0.401130    -4.133290

--- Q2b: hit_2R by va_width absolute quartile (IS-cut) ---
  bucket  n_pooled  n_IS  hit_2R_IS  lift_IS_pp  n_OOS  hit_2R_OOS  lift_OOS_pp
Q1_tight       148   114   0.342105   -5.825953     34    0.294118   -14.834520
      Q2       722   346   0.358382   -4.198329    376    0.401596    -4.086710
      Q3      1517   752   0.386968   -1.339671    765    0.450980     0.851755
 Q4_wide      2161   981   0.432212    3.184723   1180    0.454237     1.177444

K1: max OOS lift across va quartiles = +3.78pp (threshold +5.0pp) -> TRIPPED

Year-by-year stability for IS-best bucket Q4_wide (va_pct_q):
 year  bucket   n   hit_2R  year_base   lift_pp
 2018 Q4_wide  81 0.444444   0.428571  1.587302
 2019 Q4_wide  11 0.272727   0.304348 -3.162055
 2020 Q4_wide 260 0.392308   0.391150  0.115725
 2021 Q4_wide  92 0.456522   0.393178  6.334400
 2022 Q4_wide 421 0.429929   0.413793  1.613564
 2023 Q4_wide 120 0.325000   0.408233 -8.323328
 2024 Q4_wide  71 0.450704   0.436834  1.387013
 2025 Q4_wide 123 0.422764   0.475222 -5.245814
 2026 Q4_wide  40 0.475000   0.435976  3.902439

--- Q3: va_width × direction ---
direction va_pct_q  n_IS  hit_2R_IS  lift_IS_pp  n_OOS  hit_2R_OOS  lift_OOS_pp
     long Q1_tight    99   0.262626  -13.379558    277    0.451264     1.427499
     long       Q2   234   0.418803    2.238157    385    0.464935     2.794652
     long       Q3   311   0.427653    3.123089    401    0.461347     2.435809
     long  Q4_wide   418   0.392344   -0.407735    159    0.283019   -15.396968
    short Q1_tight    74   0.310811   -9.325639    276    0.384058    -6.430920
    short       Q2   248   0.379032   -2.503494    303    0.412541    -3.582591
    short       Q3   362   0.386740   -1.732687    359    0.501393     5.302559
    short  Q4_wide   447   0.447427    4.336010    195    0.497436     4.906873

--- Q4: va_width × n_vp_targets ---
vp_cohort  cohort_OOS_base va_pct_q  n_IS  hit_2R_IS  lift_vs_cohort_IS_pp  n_OOS  hit_2R_OOS  lift_vs_cohort_OOS_pp
  n_vp==0        32.941176 Q1_tight    71   0.042254            -23.956466    237    0.194093             -13.531894
  n_vp==0        32.941176       Q2   182   0.219780             -6.203796    287    0.317073              -1.233859
  n_vp==0        32.941176       Q3   337   0.267062             -1.475587    437    0.391304               6.189258
  n_vp==0        32.941176  Q4_wide   510   0.347059              6.524064    229    0.366812               3.740046
  n_vp>=1        55.793991 Q1_tight   102   0.450980             -6.869024    316    0.585443               2.750312
  n_vp>=1        55.793991       Q2   300   0.506667             -1.300396    401    0.531172              -2.676784
  n_vp>=1        55.793991       Q3   336   0.544643              2.497223    323    0.600619               4.267928
  n_vp>=1        55.793991  Q4_wide   355   0.526761              0.708993    125    0.464000              -9.393991
  n_vp>=2        64.173228 Q1_tight    34   0.558824             -7.224443    104    0.711538               6.980618
  n_vp>=2        64.173228       Q2    77   0.571429             -5.963939     87    0.574713              -6.701964
  n_vp>=2        64.173228       Q3    63   0.650794              1.972569     57    0.631579              -1.015334
  n_vp>=2        64.173228  Q4_wide    32   0.812500             18.143204      6    0.500000             -14.173228

K2: OOS lift spread inside n_vp>=1 = 13.66pp (threshold 2.0pp) -> OK

--- Q5: rolling-20d z-score regime ---
          bucket  n_pooled  n_IS  hit_2R_IS  lift_IS_pp  n_OOS  hit_2R_OOS  lift_OOS_pp
tight_z(<=-0.75)       916   469   0.381663   -1.870168    447    0.422819    -1.964405
           mid_z      2560  1188   0.392256   -0.810890   1372    0.444606     0.214357
  wide_z(>=0.75)      1072   536   0.434701    3.433670    536    0.453358     1.089536
              NA         0     0        NaN         NaN      0         NaN          NaN

Max OOS lift across z bins (ex NA) = +1.09pp

--- Q6: reversion vs continuation by VA regime ---
va_pct_q    play_type  n_IS  hit_2R_IS  lift_IS_pp  n_OOS  hit_2R_OOS  lift_OOS_pp
Q1_tight    reversion    67   0.462687    6.232177    241    0.672199    22.973633
Q1_tight continuation   106   0.169811  -23.055348    312    0.221154   -22.130900
      Q2    reversion   206   0.650485   25.012064    342    0.631579    18.911610
      Q2 continuation   276   0.210145  -19.021987    346    0.254335   -18.812758
      Q3    reversion   290   0.627586   22.722141    399    0.639098    19.663490
      Q3 continuation   383   0.237598  -16.276689    361    0.304709   -13.775370
 Q4_wide    reversion   432   0.585648   18.528335    167    0.622754    18.029165
 Q4_wide continuation   433   0.256351  -14.401376    187    0.203209   -23.925429

======================================================================
Verdict
======================================================================
K1 (any va-quartile OOS lift >= +5.0pp): TRIPPED
K2 (va spread inside n_vp>=1 OOS < 2.0pp): OK
Overall: WEAK
======================================================================
