trades (non-skip): 4548
HTF level rows:    303571
HTF by timeframe:  [{'timeframe': '15m', 'len': 141088}, {'timeframe': '1H', 'len': 91378}, {'timeframe': '4H', 'len': 44635}, {'timeframe': 'Daily', 'len': 26470}]

Nested (same-direction, any TF): 423/4548 (9.3%)
  nested_15m: 291 (6.4%)
  nested_1H: 54 (1.2%)
  nested_4H: 49 (1.1%)
  nested_Daily: 59 (1.3%)

IS  (2018-22): 2193  base hit_2R = 0.400
OOS (2023-26): 2355  base hit_2R = 0.442

==============================================================================
Q4 — per-TF lift (full sample, hit_2R)
==============================================================================
               cell    n  base_n hit_2_0R_rate hit_2_0R_base lift_pp
                ALL 4548    4548         0.422         0.422    +0.0
         nested_15m  291    4548         0.680         0.422   +25.8
          nested_1H   54    4548         0.407         0.422    -1.5
          nested_4H   49    4548         0.408         0.422    -1.4
       nested_Daily   59    4548         0.407         0.422    -1.5
         nested_any  423    4548         0.596         0.422   +17.4
    nested_count>=2   26    4548         0.385         0.422    -3.8
    nested_count>=3    4    4548         0.500         0.422    +7.8
nested_4H_AND_Daily    2    4548         1.000         0.422   +57.8
   nested_1H_AND_4H   11    4548         0.455         0.422    +3.2

==============================================================================
Q6 — walk-forward (IS 2018-22 / OOS 2023-26)
==============================================================================
                    cell    n  base_n hit_2_0R_rate hit_2_0R_base lift_pp
                 IS::ALL 2193    2193         0.400         0.400    +0.0
          IS::nested_15m  141    2193         0.652         0.400   +25.2
           IS::nested_1H   22    2193         0.409         0.400    +0.9
           IS::nested_4H   22    2193         0.364         0.400    -3.7
        IS::nested_Daily   21    2193         0.286         0.400   -11.5
          IS::nested_any  194    2193         0.572         0.400   +17.2
     IS::nested_count>=2   11    2193         0.364         0.400    -3.7
     IS::nested_count>=3    1    2193         0.000         0.400   -40.0
 IS::nested_4H_AND_Daily    2    2193         1.000         0.400   +60.0
    IS::nested_1H_AND_4H    3    2193         0.000         0.400   -40.0
                OOS::ALL 2355    2355         0.442         0.442    +0.0
         OOS::nested_15m  150    2355         0.707         0.442   +26.4
          OOS::nested_1H   32    2355         0.406         0.442    -3.6
          OOS::nested_4H   27    2355         0.444         0.442    +0.2
       OOS::nested_Daily   38    2355         0.474         0.442    +3.1
         OOS::nested_any  229    2355         0.616         0.442   +17.3
    OOS::nested_count>=2   15    2355         0.400         0.442    -4.2
    OOS::nested_count>=3    3    2355         0.667         0.442   +22.4
OOS::nested_4H_AND_Daily    0    2355                       0.442        
   OOS::nested_1H_AND_4H    8    2355         0.625         0.442   +18.3

==============================================================================
Q5 — VP × nesting stack
==============================================================================
                      cell    n  base_n hit_2_0R_rate hit_2_0R_base lift_pp
                  ALL::ALL 4548    4548         0.422         0.422    +0.0
               ALL::has_vp 2258    4548         0.539         0.422   +11.7
           ALL::nested_any  423    4548         0.596         0.422   +17.4
ALL::has_vp_AND_nested_any  229    4548         0.659         0.422   +23.7
          ALL::has_vp_only 2029    4548         0.526         0.422   +10.4
          ALL::nested_only  194    4548         0.521         0.422    +9.8
                   IS::ALL 2193    2193         0.400         0.400    +0.0
                IS::has_vp 1093    2193         0.520         0.400   +11.9
            IS::nested_any  194    2193         0.572         0.400   +17.2
 IS::has_vp_AND_nested_any  111    2193         0.640         0.400   +23.9
           IS::has_vp_only  982    2193         0.506         0.400   +10.6
           IS::nested_only   83    2193         0.482         0.400    +8.2
                  OOS::ALL 2355    2355         0.442         0.442    +0.0
               OOS::has_vp 1165    2355         0.558         0.442   +11.5
           OOS::nested_any  229    2355         0.616         0.442   +17.3
OOS::has_vp_AND_nested_any  118    2355         0.678         0.442   +23.6
          OOS::has_vp_only 1047    2355         0.544         0.442   +10.2
          OOS::nested_only  111    2355         0.550         0.442   +10.7

Saved:
  studies/htf_nesting/results/per_tf_full.csv
  studies/htf_nesting/results/vp_stack.csv
  studies/htf_nesting/results/walk_forward.csv
  studies/htf_nesting/results/yearly.csv
